// Jest Snapshot v1, https://goo.gl/fbAQLP

exports[`Form Should render correctly 1`] = `
<View>
  <View />
</View>
`;
