// Jest Snapshot v1, https://goo.gl/fbAQLP

exports[`FormGroup Should render correctly 1`] = `
<View>
  <View>
    <View />
  </View>
</View>
`;
