// Jest Snapshot v1, https://goo.gl/fbAQLP

exports[`UnparsedErrorContainer Should render correctly 1`] = `<View />`;

exports[`UnparsedErrorContainer Should render error view if error exist 1`] = `
<View>
  <View />
</View>
`;
